// Jest Snapshot v1, https://goo.gl/fbAQLP

exports[`Product Screen Should work as expected to get snapshot 1`] = `
<RCTSafeAreaView
  style={
    [
      {
        "alignItems": "center",
        "flexBasis": 0,
        "flexGrow": 1,
        "flexShrink": 1,
        "justifyContent": "center",
        "marginBottom": 10,
      },
    ]
  }
>
  <ActivityIndicator
    color="#0000ff"
    size="large"
  />
</RCTSafeAreaView>
`;
