// Jest Snapshot v1, https://goo.gl/fbAQLP

exports[`Product Screen Should work as expected to get snapshot 1`] = `
<RCTSafeAreaView
  style={
    [
      {
        "flexBasis": 0,
        "flexGrow": 1,
        "flexShrink": 1,
        "marginBottom": 10,
      },
    ]
  }
>
  <RCTScrollView
    data={
      [
        "66eb86d1c55957d0d06ee9a6",
        "66eb865ac55957d0d06ee9a3",
        "66eb7b684f1c5255c3a6b37d",
        "66eb8827c55957d0d06ee9b0",
        "66eb874ac55957d0d06ee9aa",
        "66eb85f9c55957d0d06ee99f",
        "66eb788a4f1c5255c3a6b375",
        "66eb87a4c55957d0d06ee9ad",
        "66eb85d4c55957d0d06ee99c",
        "66eb77fa4f1c5255c3a6b371",
      ]
    }
    extraData={
      [
        "66eb86d1c55957d0d06ee9a6",
        "66eb865ac55957d0d06ee9a3",
        "66eb7b684f1c5255c3a6b37d",
        "66eb8827c55957d0d06ee9b0",
        "66eb874ac55957d0d06ee9aa",
        "66eb85f9c55957d0d06ee99f",
        "66eb788a4f1c5255c3a6b375",
        "66eb87a4c55957d0d06ee9ad",
        "66eb85d4c55957d0d06ee99c",
        "66eb77fa4f1c5255c3a6b371",
      ]
    }
    getItem={[Function]}
    getItemCount={[Function]}
    keyExtractor={[Function]}
    onContentSizeChange={[Function]}
    onLayout={[Function]}
    onMomentumScrollBegin={[Function]}
    onMomentumScrollEnd={[Function]}
    onScroll={[Function]}
    onScrollBeginDrag={[Function]}
    onScrollEndDrag={[Function]}
    removeClippedSubviews={false}
    renderItem={[Function]}
    scrollEventThrottle={0.0001}
    stickyHeaderIndices={[]}
    viewabilityConfigCallbackPairs={[]}
  >
    <View>
      <View
        onFocusCapture={[Function]}
        onLayout={[Function]}
        style={null}
      >
        <View
          style={
            [
              {
                "alignItems": "center",
                "paddingBottom": 10,
                "paddingLeft": 10,
                "paddingRight": 10,
                "paddingTop": 10,
              },
            ]
          }
        >
          <View
            accessibilityState={
              {
                "busy": undefined,
                "checked": undefined,
                "disabled": undefined,
                "expanded": undefined,
                "selected": undefined,
              }
            }
            accessibilityValue={
              {
                "max": undefined,
                "min": undefined,
                "now": undefined,
                "text": undefined,
              }
            }
            accessible={true}
            collapsable={false}
            focusable={true}
            onClick={[Function]}
            onResponderGrant={[Function]}
            onResponderMove={[Function]}
            onResponderRelease={[Function]}
            onResponderTerminate={[Function]}
            onResponderTerminationRequest={[Function]}
            onStartShouldSetResponder={[Function]}
            style={
              {
                "borderRadius": 10,
                "borderWidth": 1,
                "flexBasis": 0,
                "flexGrow": 1,
                "flexShrink": 1,
                "height": 250,
                "opacity": 1,
                "width": 350,
              }
            }
          >
            <View
              style={
                [
                  {
                    "flexBasis": 0,
                    "flexGrow": 1,
                    "flexShrink": 1,
                    "width": "100%",
                  },
                ]
              }
            >
              <Image
                resizeMode="stretch"
                source={
                  {
                    "uri": undefined,
                  }
                }
                style={
                  [
                    {
                      "borderBottomLeftRadius": 10,
                      "borderTopLeftRadius": 10,
                      "flexBasis": 0,
                      "flexGrow": 1,
                      "flexShrink": 1,
                    },
                  ]
                }
              />
            </View>
            <View
              style={
                [
                  {
                    "paddingBottom": 5,
                    "paddingLeft": 5,
                    "paddingRight": 5,
                    "paddingTop": 5,
                  },
                ]
              }
            >
              <Text
                style={
                  [
                    {
                      "color": "#000000",
                      "fontFamily": "Avenir",
                      "fontSize": 24,
                      "fontWeight": "900",
                    },
                  ]
                }
              />
              <Text
                style={
                  [
                    {
                      "color": "#0e3f6c",
                      "fontFamily": "Avenir",
                      "fontSize": 18,
                      "fontWeight": "900",
                    },
                  ]
                }
              >
                ₱
              </Text>
            </View>
          </View>
        </View>
      </View>
      <View
        onFocusCapture={[Function]}
        onLayout={[Function]}
        style={null}
      >
        <View
          style={
            [
              {
                "alignItems": "center",
                "paddingBottom": 10,
                "paddingLeft": 10,
                "paddingRight": 10,
                "paddingTop": 10,
              },
            ]
          }
        >
          <View
            accessibilityState={
              {
                "busy": undefined,
                "checked": undefined,
                "disabled": undefined,
                "expanded": undefined,
                "selected": undefined,
              }
            }
            accessibilityValue={
              {
                "max": undefined,
                "min": undefined,
                "now": undefined,
                "text": undefined,
              }
            }
            accessible={true}
            collapsable={false}
            focusable={true}
            onClick={[Function]}
            onResponderGrant={[Function]}
            onResponderMove={[Function]}
            onResponderRelease={[Function]}
            onResponderTerminate={[Function]}
            onResponderTerminationRequest={[Function]}
            onStartShouldSetResponder={[Function]}
            style={
              {
                "borderRadius": 10,
                "borderWidth": 1,
                "flexBasis": 0,
                "flexGrow": 1,
                "flexShrink": 1,
                "height": 250,
                "opacity": 1,
                "width": 350,
              }
            }
          >
            <View
              style={
                [
                  {
                    "flexBasis": 0,
                    "flexGrow": 1,
                    "flexShrink": 1,
                    "width": "100%",
                  },
                ]
              }
            >
              <Image
                resizeMode="stretch"
                source={
                  {
                    "uri": undefined,
                  }
                }
                style={
                  [
                    {
                      "borderBottomLeftRadius": 10,
                      "borderTopLeftRadius": 10,
                      "flexBasis": 0,
                      "flexGrow": 1,
                      "flexShrink": 1,
                    },
                  ]
                }
              />
            </View>
            <View
              style={
                [
                  {
                    "paddingBottom": 5,
                    "paddingLeft": 5,
                    "paddingRight": 5,
                    "paddingTop": 5,
                  },
                ]
              }
            >
              <Text
                style={
                  [
                    {
                      "color": "#000000",
                      "fontFamily": "Avenir",
                      "fontSize": 24,
                      "fontWeight": "900",
                    },
                  ]
                }
              />
              <Text
                style={
                  [
                    {
                      "color": "#0e3f6c",
                      "fontFamily": "Avenir",
                      "fontSize": 18,
                      "fontWeight": "900",
                    },
                  ]
                }
              >
                ₱
              </Text>
            </View>
          </View>
        </View>
      </View>
      <View
        onFocusCapture={[Function]}
        onLayout={[Function]}
        style={null}
      >
        <View
          style={
            [
              {
                "alignItems": "center",
                "paddingBottom": 10,
                "paddingLeft": 10,
                "paddingRight": 10,
                "paddingTop": 10,
              },
            ]
          }
        >
          <View
            accessibilityState={
              {
                "busy": undefined,
                "checked": undefined,
                "disabled": undefined,
                "expanded": undefined,
                "selected": undefined,
              }
            }
            accessibilityValue={
              {
                "max": undefined,
                "min": undefined,
                "now": undefined,
                "text": undefined,
              }
            }
            accessible={true}
            collapsable={false}
            focusable={true}
            onClick={[Function]}
            onResponderGrant={[Function]}
            onResponderMove={[Function]}
            onResponderRelease={[Function]}
            onResponderTerminate={[Function]}
            onResponderTerminationRequest={[Function]}
            onStartShouldSetResponder={[Function]}
            style={
              {
                "borderRadius": 10,
                "borderWidth": 1,
                "flexBasis": 0,
                "flexGrow": 1,
                "flexShrink": 1,
                "height": 250,
                "opacity": 1,
                "width": 350,
              }
            }
          >
            <View
              style={
                [
                  {
                    "flexBasis": 0,
                    "flexGrow": 1,
                    "flexShrink": 1,
                    "width": "100%",
                  },
                ]
              }
            >
              <Image
                resizeMode="stretch"
                source={
                  {
                    "uri": undefined,
                  }
                }
                style={
                  [
                    {
                      "borderBottomLeftRadius": 10,
                      "borderTopLeftRadius": 10,
                      "flexBasis": 0,
                      "flexGrow": 1,
                      "flexShrink": 1,
                    },
                  ]
                }
              />
            </View>
            <View
              style={
                [
                  {
                    "paddingBottom": 5,
                    "paddingLeft": 5,
                    "paddingRight": 5,
                    "paddingTop": 5,
                  },
                ]
              }
            >
              <Text
                style={
                  [
                    {
                      "color": "#000000",
                      "fontFamily": "Avenir",
                      "fontSize": 24,
                      "fontWeight": "900",
                    },
                  ]
                }
              />
              <Text
                style={
                  [
                    {
                      "color": "#0e3f6c",
                      "fontFamily": "Avenir",
                      "fontSize": 18,
                      "fontWeight": "900",
                    },
                  ]
                }
              >
                ₱
              </Text>
            </View>
          </View>
        </View>
      </View>
      <View
        onFocusCapture={[Function]}
        onLayout={[Function]}
        style={null}
      >
        <View
          style={
            [
              {
                "alignItems": "center",
                "paddingBottom": 10,
                "paddingLeft": 10,
                "paddingRight": 10,
                "paddingTop": 10,
              },
            ]
          }
        >
          <View
            accessibilityState={
              {
                "busy": undefined,
                "checked": undefined,
                "disabled": undefined,
                "expanded": undefined,
                "selected": undefined,
              }
            }
            accessibilityValue={
              {
                "max": undefined,
                "min": undefined,
                "now": undefined,
                "text": undefined,
              }
            }
            accessible={true}
            collapsable={false}
            focusable={true}
            onClick={[Function]}
            onResponderGrant={[Function]}
            onResponderMove={[Function]}
            onResponderRelease={[Function]}
            onResponderTerminate={[Function]}
            onResponderTerminationRequest={[Function]}
            onStartShouldSetResponder={[Function]}
            style={
              {
                "borderRadius": 10,
                "borderWidth": 1,
                "flexBasis": 0,
                "flexGrow": 1,
                "flexShrink": 1,
                "height": 250,
                "opacity": 1,
                "width": 350,
              }
            }
          >
            <View
              style={
                [
                  {
                    "flexBasis": 0,
                    "flexGrow": 1,
                    "flexShrink": 1,
                    "width": "100%",
                  },
                ]
              }
            >
              <Image
                resizeMode="stretch"
                source={
                  {
                    "uri": undefined,
                  }
                }
                style={
                  [
                    {
                      "borderBottomLeftRadius": 10,
                      "borderTopLeftRadius": 10,
                      "flexBasis": 0,
                      "flexGrow": 1,
                      "flexShrink": 1,
                    },
                  ]
                }
              />
            </View>
            <View
              style={
                [
                  {
                    "paddingBottom": 5,
                    "paddingLeft": 5,
                    "paddingRight": 5,
                    "paddingTop": 5,
                  },
                ]
              }
            >
              <Text
                style={
                  [
                    {
                      "color": "#000000",
                      "fontFamily": "Avenir",
                      "fontSize": 24,
                      "fontWeight": "900",
                    },
                  ]
                }
              />
              <Text
                style={
                  [
                    {
                      "color": "#0e3f6c",
                      "fontFamily": "Avenir",
                      "fontSize": 18,
                      "fontWeight": "900",
                    },
                  ]
                }
              >
                ₱
              </Text>
            </View>
          </View>
        </View>
      </View>
      <View
        onFocusCapture={[Function]}
        onLayout={[Function]}
        style={null}
      >
        <View
          style={
            [
              {
                "alignItems": "center",
                "paddingBottom": 10,
                "paddingLeft": 10,
                "paddingRight": 10,
                "paddingTop": 10,
              },
            ]
          }
        >
          <View
            accessibilityState={
              {
                "busy": undefined,
                "checked": undefined,
                "disabled": undefined,
                "expanded": undefined,
                "selected": undefined,
              }
            }
            accessibilityValue={
              {
                "max": undefined,
                "min": undefined,
                "now": undefined,
                "text": undefined,
              }
            }
            accessible={true}
            collapsable={false}
            focusable={true}
            onClick={[Function]}
            onResponderGrant={[Function]}
            onResponderMove={[Function]}
            onResponderRelease={[Function]}
            onResponderTerminate={[Function]}
            onResponderTerminationRequest={[Function]}
            onStartShouldSetResponder={[Function]}
            style={
              {
                "borderRadius": 10,
                "borderWidth": 1,
                "flexBasis": 0,
                "flexGrow": 1,
                "flexShrink": 1,
                "height": 250,
                "opacity": 1,
                "width": 350,
              }
            }
          >
            <View
              style={
                [
                  {
                    "flexBasis": 0,
                    "flexGrow": 1,
                    "flexShrink": 1,
                    "width": "100%",
                  },
                ]
              }
            >
              <Image
                resizeMode="stretch"
                source={
                  {
                    "uri": undefined,
                  }
                }
                style={
                  [
                    {
                      "borderBottomLeftRadius": 10,
                      "borderTopLeftRadius": 10,
                      "flexBasis": 0,
                      "flexGrow": 1,
                      "flexShrink": 1,
                    },
                  ]
                }
              />
            </View>
            <View
              style={
                [
                  {
                    "paddingBottom": 5,
                    "paddingLeft": 5,
                    "paddingRight": 5,
                    "paddingTop": 5,
                  },
                ]
              }
            >
              <Text
                style={
                  [
                    {
                      "color": "#000000",
                      "fontFamily": "Avenir",
                      "fontSize": 24,
                      "fontWeight": "900",
                    },
                  ]
                }
              />
              <Text
                style={
                  [
                    {
                      "color": "#0e3f6c",
                      "fontFamily": "Avenir",
                      "fontSize": 18,
                      "fontWeight": "900",
                    },
                  ]
                }
              >
                ₱
              </Text>
            </View>
          </View>
        </View>
      </View>
      <View
        onFocusCapture={[Function]}
        onLayout={[Function]}
        style={null}
      >
        <View
          style={
            [
              {
                "alignItems": "center",
                "paddingBottom": 10,
                "paddingLeft": 10,
                "paddingRight": 10,
                "paddingTop": 10,
              },
            ]
          }
        >
          <View
            accessibilityState={
              {
                "busy": undefined,
                "checked": undefined,
                "disabled": undefined,
                "expanded": undefined,
                "selected": undefined,
              }
            }
            accessibilityValue={
              {
                "max": undefined,
                "min": undefined,
                "now": undefined,
                "text": undefined,
              }
            }
            accessible={true}
            collapsable={false}
            focusable={true}
            onClick={[Function]}
            onResponderGrant={[Function]}
            onResponderMove={[Function]}
            onResponderRelease={[Function]}
            onResponderTerminate={[Function]}
            onResponderTerminationRequest={[Function]}
            onStartShouldSetResponder={[Function]}
            style={
              {
                "borderRadius": 10,
                "borderWidth": 1,
                "flexBasis": 0,
                "flexGrow": 1,
                "flexShrink": 1,
                "height": 250,
                "opacity": 1,
                "width": 350,
              }
            }
          >
            <View
              style={
                [
                  {
                    "flexBasis": 0,
                    "flexGrow": 1,
                    "flexShrink": 1,
                    "width": "100%",
                  },
                ]
              }
            >
              <Image
                resizeMode="stretch"
                source={
                  {
                    "uri": undefined,
                  }
                }
                style={
                  [
                    {
                      "borderBottomLeftRadius": 10,
                      "borderTopLeftRadius": 10,
                      "flexBasis": 0,
                      "flexGrow": 1,
                      "flexShrink": 1,
                    },
                  ]
                }
              />
            </View>
            <View
              style={
                [
                  {
                    "paddingBottom": 5,
                    "paddingLeft": 5,
                    "paddingRight": 5,
                    "paddingTop": 5,
                  },
                ]
              }
            >
              <Text
                style={
                  [
                    {
                      "color": "#000000",
                      "fontFamily": "Avenir",
                      "fontSize": 24,
                      "fontWeight": "900",
                    },
                  ]
                }
              />
              <Text
                style={
                  [
                    {
                      "color": "#0e3f6c",
                      "fontFamily": "Avenir",
                      "fontSize": 18,
                      "fontWeight": "900",
                    },
                  ]
                }
              >
                ₱
              </Text>
            </View>
          </View>
        </View>
      </View>
      <View
        onFocusCapture={[Function]}
        onLayout={[Function]}
        style={null}
      >
        <View
          style={
            [
              {
                "alignItems": "center",
                "paddingBottom": 10,
                "paddingLeft": 10,
                "paddingRight": 10,
                "paddingTop": 10,
              },
            ]
          }
        >
          <View
            accessibilityState={
              {
                "busy": undefined,
                "checked": undefined,
                "disabled": undefined,
                "expanded": undefined,
                "selected": undefined,
              }
            }
            accessibilityValue={
              {
                "max": undefined,
                "min": undefined,
                "now": undefined,
                "text": undefined,
              }
            }
            accessible={true}
            collapsable={false}
            focusable={true}
            onClick={[Function]}
            onResponderGrant={[Function]}
            onResponderMove={[Function]}
            onResponderRelease={[Function]}
            onResponderTerminate={[Function]}
            onResponderTerminationRequest={[Function]}
            onStartShouldSetResponder={[Function]}
            style={
              {
                "borderRadius": 10,
                "borderWidth": 1,
                "flexBasis": 0,
                "flexGrow": 1,
                "flexShrink": 1,
                "height": 250,
                "opacity": 1,
                "width": 350,
              }
            }
          >
            <View
              style={
                [
                  {
                    "flexBasis": 0,
                    "flexGrow": 1,
                    "flexShrink": 1,
                    "width": "100%",
                  },
                ]
              }
            >
              <Image
                resizeMode="stretch"
                source={
                  {
                    "uri": undefined,
                  }
                }
                style={
                  [
                    {
                      "borderBottomLeftRadius": 10,
                      "borderTopLeftRadius": 10,
                      "flexBasis": 0,
                      "flexGrow": 1,
                      "flexShrink": 1,
                    },
                  ]
                }
              />
            </View>
            <View
              style={
                [
                  {
                    "paddingBottom": 5,
                    "paddingLeft": 5,
                    "paddingRight": 5,
                    "paddingTop": 5,
                  },
                ]
              }
            >
              <Text
                style={
                  [
                    {
                      "color": "#000000",
                      "fontFamily": "Avenir",
                      "fontSize": 24,
                      "fontWeight": "900",
                    },
                  ]
                }
              />
              <Text
                style={
                  [
                    {
                      "color": "#0e3f6c",
                      "fontFamily": "Avenir",
                      "fontSize": 18,
                      "fontWeight": "900",
                    },
                  ]
                }
              >
                ₱
              </Text>
            </View>
          </View>
        </View>
      </View>
      <View
        onFocusCapture={[Function]}
        onLayout={[Function]}
        style={null}
      >
        <View
          style={
            [
              {
                "alignItems": "center",
                "paddingBottom": 10,
                "paddingLeft": 10,
                "paddingRight": 10,
                "paddingTop": 10,
              },
            ]
          }
        >
          <View
            accessibilityState={
              {
                "busy": undefined,
                "checked": undefined,
                "disabled": undefined,
                "expanded": undefined,
                "selected": undefined,
              }
            }
            accessibilityValue={
              {
                "max": undefined,
                "min": undefined,
                "now": undefined,
                "text": undefined,
              }
            }
            accessible={true}
            collapsable={false}
            focusable={true}
            onClick={[Function]}
            onResponderGrant={[Function]}
            onResponderMove={[Function]}
            onResponderRelease={[Function]}
            onResponderTerminate={[Function]}
            onResponderTerminationRequest={[Function]}
            onStartShouldSetResponder={[Function]}
            style={
              {
                "borderRadius": 10,
                "borderWidth": 1,
                "flexBasis": 0,
                "flexGrow": 1,
                "flexShrink": 1,
                "height": 250,
                "opacity": 1,
                "width": 350,
              }
            }
          >
            <View
              style={
                [
                  {
                    "flexBasis": 0,
                    "flexGrow": 1,
                    "flexShrink": 1,
                    "width": "100%",
                  },
                ]
              }
            >
              <Image
                resizeMode="stretch"
                source={
                  {
                    "uri": undefined,
                  }
                }
                style={
                  [
                    {
                      "borderBottomLeftRadius": 10,
                      "borderTopLeftRadius": 10,
                      "flexBasis": 0,
                      "flexGrow": 1,
                      "flexShrink": 1,
                    },
                  ]
                }
              />
            </View>
            <View
              style={
                [
                  {
                    "paddingBottom": 5,
                    "paddingLeft": 5,
                    "paddingRight": 5,
                    "paddingTop": 5,
                  },
                ]
              }
            >
              <Text
                style={
                  [
                    {
                      "color": "#000000",
                      "fontFamily": "Avenir",
                      "fontSize": 24,
                      "fontWeight": "900",
                    },
                  ]
                }
              />
              <Text
                style={
                  [
                    {
                      "color": "#0e3f6c",
                      "fontFamily": "Avenir",
                      "fontSize": 18,
                      "fontWeight": "900",
                    },
                  ]
                }
              >
                ₱
              </Text>
            </View>
          </View>
        </View>
      </View>
      <View
        onFocusCapture={[Function]}
        onLayout={[Function]}
        style={null}
      >
        <View
          style={
            [
              {
                "alignItems": "center",
                "paddingBottom": 10,
                "paddingLeft": 10,
                "paddingRight": 10,
                "paddingTop": 10,
              },
            ]
          }
        >
          <View
            accessibilityState={
              {
                "busy": undefined,
                "checked": undefined,
                "disabled": undefined,
                "expanded": undefined,
                "selected": undefined,
              }
            }
            accessibilityValue={
              {
                "max": undefined,
                "min": undefined,
                "now": undefined,
                "text": undefined,
              }
            }
            accessible={true}
            collapsable={false}
            focusable={true}
            onClick={[Function]}
            onResponderGrant={[Function]}
            onResponderMove={[Function]}
            onResponderRelease={[Function]}
            onResponderTerminate={[Function]}
            onResponderTerminationRequest={[Function]}
            onStartShouldSetResponder={[Function]}
            style={
              {
                "borderRadius": 10,
                "borderWidth": 1,
                "flexBasis": 0,
                "flexGrow": 1,
                "flexShrink": 1,
                "height": 250,
                "opacity": 1,
                "width": 350,
              }
            }
          >
            <View
              style={
                [
                  {
                    "flexBasis": 0,
                    "flexGrow": 1,
                    "flexShrink": 1,
                    "width": "100%",
                  },
                ]
              }
            >
              <Image
                resizeMode="stretch"
                source={
                  {
                    "uri": undefined,
                  }
                }
                style={
                  [
                    {
                      "borderBottomLeftRadius": 10,
                      "borderTopLeftRadius": 10,
                      "flexBasis": 0,
                      "flexGrow": 1,
                      "flexShrink": 1,
                    },
                  ]
                }
              />
            </View>
            <View
              style={
                [
                  {
                    "paddingBottom": 5,
                    "paddingLeft": 5,
                    "paddingRight": 5,
                    "paddingTop": 5,
                  },
                ]
              }
            >
              <Text
                style={
                  [
                    {
                      "color": "#000000",
                      "fontFamily": "Avenir",
                      "fontSize": 24,
                      "fontWeight": "900",
                    },
                  ]
                }
              />
              <Text
                style={
                  [
                    {
                      "color": "#0e3f6c",
                      "fontFamily": "Avenir",
                      "fontSize": 18,
                      "fontWeight": "900",
                    },
                  ]
                }
              >
                ₱
              </Text>
            </View>
          </View>
        </View>
      </View>
      <View
        onFocusCapture={[Function]}
        onLayout={[Function]}
        style={null}
      >
        <View
          style={
            [
              {
                "alignItems": "center",
                "paddingBottom": 10,
                "paddingLeft": 10,
                "paddingRight": 10,
                "paddingTop": 10,
              },
            ]
          }
        >
          <View
            accessibilityState={
              {
                "busy": undefined,
                "checked": undefined,
                "disabled": undefined,
                "expanded": undefined,
                "selected": undefined,
              }
            }
            accessibilityValue={
              {
                "max": undefined,
                "min": undefined,
                "now": undefined,
                "text": undefined,
              }
            }
            accessible={true}
            collapsable={false}
            focusable={true}
            onClick={[Function]}
            onResponderGrant={[Function]}
            onResponderMove={[Function]}
            onResponderRelease={[Function]}
            onResponderTerminate={[Function]}
            onResponderTerminationRequest={[Function]}
            onStartShouldSetResponder={[Function]}
            style={
              {
                "borderRadius": 10,
                "borderWidth": 1,
                "flexBasis": 0,
                "flexGrow": 1,
                "flexShrink": 1,
                "height": 250,
                "opacity": 1,
                "width": 350,
              }
            }
          >
            <View
              style={
                [
                  {
                    "flexBasis": 0,
                    "flexGrow": 1,
                    "flexShrink": 1,
                    "width": "100%",
                  },
                ]
              }
            >
              <Image
                resizeMode="stretch"
                source={
                  {
                    "uri": undefined,
                  }
                }
                style={
                  [
                    {
                      "borderBottomLeftRadius": 10,
                      "borderTopLeftRadius": 10,
                      "flexBasis": 0,
                      "flexGrow": 1,
                      "flexShrink": 1,
                    },
                  ]
                }
              />
            </View>
            <View
              style={
                [
                  {
                    "paddingBottom": 5,
                    "paddingLeft": 5,
                    "paddingRight": 5,
                    "paddingTop": 5,
                  },
                ]
              }
            >
              <Text
                style={
                  [
                    {
                      "color": "#000000",
                      "fontFamily": "Avenir",
                      "fontSize": 24,
                      "fontWeight": "900",
                    },
                  ]
                }
              />
              <Text
                style={
                  [
                    {
                      "color": "#0e3f6c",
                      "fontFamily": "Avenir",
                      "fontSize": 18,
                      "fontWeight": "900",
                    },
                  ]
                }
              >
                ₱
              </Text>
            </View>
          </View>
        </View>
      </View>
    </View>
  </RCTScrollView>
</RCTSafeAreaView>
`;
