// Jest Snapshot v1, https://goo.gl/fbAQLP

exports[`Product Details Screen Should work as expected to get snapshot 1`] = `
<View
  style={
    [
      {
        "alignItems": "center",
        "backgroundColor": "#ffff",
        "flexBasis": 0,
        "flexGrow": 1,
        "flexShrink": 1,
        "justifyContent": "center",
      },
    ]
  }
>
  <ActivityIndicator
    color="#0000ff"
    size="large"
  />
</View>
`;
