// Jest Snapshot v1, https://goo.gl/fbAQLP

exports[`Product Details Screen Should work as expected to get snapshot 1`] = `
<View
  style={
    [
      {
        "backgroundColor": "#ffff",
        "flexBasis": 0,
        "flexGrow": 1,
        "flexShrink": 1,
      },
    ]
  }
>
  <View
    style={
      [
        {
          "alignItems": "center",
          "justifyContent": "center",
        },
      ]
    }
  >
    <Image
      resizeMode="stretch"
      source={
        {
          "uri": undefined,
        }
      }
      style={
        [
          {
            "borderBottomLeftRadius": 10,
            "borderTopLeftRadius": 10,
            "height": 200,
            "marginTop": 10,
            "width": "90%",
          },
        ]
      }
    />
  </View>
  <View
    style={
      [
        {
          "alignItems": "center",
          "paddingBottom": 10,
          "paddingLeft": 10,
          "paddingRight": 10,
          "paddingTop": 10,
        },
      ]
    }
  >
    <Text
      style={
        [
          {
            "color": "#000000",
            "fontFamily": "Avenir",
            "fontSize": 24,
            "fontWeight": "900",
          },
        ]
      }
    />
  </View>
  <View
    style={
      [
        {
          "marginBottom": 10,
          "marginLeft": 10,
          "marginRight": 10,
          "marginTop": 10,
        },
      ]
    }
  >
    <Text
      style={
        [
          {
            "color": "#0e3f6c",
            "fontFamily": "Avenir",
            "fontSize": 18,
            "fontWeight": "900",
          },
        ]
      }
    >
      Description:
    </Text>
    <Text
      style={
        [
          {
            "color": "#000000",
            "fontFamily": "Avenir",
            "fontSize": 12,
            "fontWeight": "400",
          },
        ]
      }
    />
  </View>
  <View
    style={
      [
        {
          "marginBottom": 10,
          "marginLeft": 10,
          "marginRight": 10,
          "marginTop": 10,
        },
      ]
    }
  >
    <Text
      style={
        [
          {
            "color": "#0e3f6c",
            "fontFamily": "Avenir",
            "fontSize": 18,
            "fontWeight": "900",
          },
        ]
      }
    >
      Category:
    </Text>
    <Text
      style={
        [
          {
            "color": "#000000",
            "fontFamily": "Avenir",
            "fontSize": 12,
            "fontWeight": "400",
          },
        ]
      }
    />
  </View>
  <View
    style={
      [
        {
          "marginBottom": 10,
          "marginLeft": 10,
          "marginRight": 10,
          "marginTop": 10,
        },
      ]
    }
  >
    <Text
      style={
        [
          {
            "color": "#0e3f6c",
            "fontFamily": "Avenir",
            "fontSize": 18,
            "fontWeight": "900",
          },
        ]
      }
    >
      Price:
    </Text>
    <Text
      style={
        [
          {
            "color": "#000000",
            "fontFamily": "Avenir",
            "fontSize": 12,
            "fontWeight": "400",
          },
        ]
      }
    >
      â‚±
    </Text>
  </View>
</View>
`;
